<html>
<body>
<pre>
<h1>µVision Build Log</h1>
<h2>Tool Versions:</h2>
IDE-Version: ¦ÌVision V5.18.0.0
Copyright (C) 2016 ARM Ltd and ARM Germany GmbH. All rights reserved.
License Information: 1111111 ASUS, 1111111, LIC=3UURY-I1PT3-KUP4L-0NA3Q-Z3PTA-4PMD4
 
Tool Versions:
Toolchain:       MDK-ARM Professional  Version: 5.18
Toolchain Path:  F:\Keil_v5\ARM\ARMCC\Bin
C Compiler:      Armcc.exe V5.06 update 1 (build 61)
Assembler:       Armasm.exe V5.06 update 1 (build 61)
Linker/Locator:  ArmLink.exe V5.06 update 1 (build 61)
Library Manager: ArmAr.exe V5.06 update 1 (build 61)
Hex Converter:   FromElf.exe V5.06 update 1 (build 61)
CPU DLL:         SARMCM3.DLL V5.18
Dialog DLL:      DARMCM1.DLL V1.12.0.0
Target DLL:      CMSIS_AGDI.dll V1.25.7.0
Dialog DLL:      TARMCM1.DLL V1.9.0.0
 
<h2>Project:</h2>
C:\Users\ASUS\Desktop\Rocketmite\Rocketmite\MDK-ARM\Rocketmite.uvprojx
Project File Date:  10/15/2024

<h2>Output:</h2>
*** Using Compiler 'V5.06 update 1 (build 61)', folder: 'F:\Keil_v5\ARM\ARMCC\Bin'
Build target 'Rocketmite'
compiling ctrl.c...
compiling main.c...
linking...
Program Size: Code=11636 RO-data=260 RW-data=76 ZI-data=1364  
FromELF: creating hex file...
"Rocketmite\Rocketmite.axf" - 0 Error(s), 0 Warning(s).

<h2>Software Packages used:</h2>

Package Vendor: ARM
                http://www.keil.com/pack/ARM.CMSIS.5.9.0.pack
                ARM::CMSIS:CORE:5.6.0
                CMSIS (Common Microcontroller Software Interface Standard)
   * Component: CORE Version: 5.6.0

<h2>Collection of Component include folders:</h2>
  C:\Users\ASUS\Desktop\Rocketmite\Rocketmite\MDK-ARM\RTE
  F:\Keil_v5\ARM\PACK\ARM\CMSIS\5.9.0\CMSIS\Core\Include
  F:\Keil_v5\ARM\PACK\Keil\STM32L0xx_DFP\2.0.0\Drivers\CMSIS\Device\ST\STM32L0xx\Include

<h2>Collection of Component Files used:</h2>

   * Component: ARM::CMSIS:CORE:5.6.0
      Include file:  CMSIS\Core\Include\tz_context.h
      Source file:   CMSIS\Core\Template\ARMv8-M\main_s.c
      Source file:   CMSIS\Core\Template\ARMv8-M\tz_context.c
Build Time Elapsed:  00:00:03
</pre>
</body>
</html>
